add_team: SUCCESS
add_jockey: SUCCESS
add_jockey: SUCCESS
add_team: SUCCESS
add_jockey: SUCCESS
update_match: SUCCESS
update_match: SUCCESS
update_match: SUCCESS
add_jockey: SUCCESS
add_jockey: SUCCESS
unite_by_record: SUCCESS
add_jockey: SUCCESS
add_team: SUCCESS
add_jockey: SUCCESS
update_match: SUCCESS
update_match: SUCCESS
unite_by_record: SUCCESS
add_team: SUCCESS
add_jockey: SUCCESS
update_match: SUCCESS
get_jockey_record: FAILURE
update_match: FAILURE
get_jockey_record: SUCCESS, 1
add_jockey: SUCCESS
unite_by_record: SUCCESS
add_jockey: FAILURE
get_jockey_record: SUCCESS, -2
add_team: SUCCESS
add_jockey: SUCCESS
update_match: SUCCESS
add_jockey: SUCCESS
add_jockey: FAILURE
get_jockey_record: FAILURE
add_jockey: SUCCESS
merge_teams: SUCCESS
add_jockey: SUCCESS
add_team: SUCCESS
add_team: SUCCESS
add_jockey: SUCCESS
add_jockey: SUCCESS
add_jockey: FAILURE
unite_by_record: FAILURE
add_team: FAILURE
update_match: SUCCESS
update_match: SUCCESS
get_jockey_record: SUCCESS, 0
unite_by_record: INVALID_INPUT
add_jockey: SUCCESS
unite_by_record: SUCCESS
get_team_record: SUCCESS, 0
get_jockey_record: SUCCESS, -3
add_team: SUCCESS
add_jockey: SUCCESS
update_match: SUCCESS
get_jockey_record: SUCCESS, 1
add_jockey: SUCCESS
get_jockey_record: SUCCESS, 0
get_team_record: SUCCESS, 1
unite_by_record: SUCCESS
add_jockey: SUCCESS
get_jockey_record: SUCCESS, 0
update_match: SUCCESS
update_match: SUCCESS
update_match: SUCCESS
get_team_record: SUCCESS, 3
add_jockey: SUCCESS
update_match: INVALID_INPUT
add_jockey: SUCCESS
get_team_record: FAILURE
add_jockey: SUCCESS
update_match: SUCCESS
get_jockey_record: SUCCESS, 0
get_jockey_record: FAILURE
add_jockey: SUCCESS
merge_teams: SUCCESS
unite_by_record: INVALID_INPUT
add_jockey: SUCCESS
add_team: SUCCESS
add_jockey: SUCCESS
update_match: SUCCESS
update_match: SUCCESS
add_team: SUCCESS
update_match: INVALID_INPUT
add_jockey: SUCCESS
update_match: SUCCESS
add_jockey: FAILURE
add_jockey: FAILURE
update_match: SUCCESS
update_match: SUCCESS
update_match: SUCCESS
unite_by_record: FAILURE
unite_by_record: FAILURE
add_jockey: FAILURE
update_match: SUCCESS
add_team: FAILURE
unite_by_record: INVALID_INPUT
add_jockey: FAILURE
update_match: INVALID_INPUT
unite_by_record: FAILURE
add_team: SUCCESS
add_team: SUCCESS
add_jockey: SUCCESS
update_match: FAILURE
get_jockey_record: SUCCESS, 1
add_jockey: FAILURE
update_match: SUCCESS
update_match: SUCCESS
update_match: SUCCESS
get_jockey_record: FAILURE
unite_by_record: SUCCESS
add_jockey: SUCCESS
update_match: FAILURE
add_jockey: SUCCESS
update_match: SUCCESS
add_jockey: SUCCESS
add_jockey: FAILURE
unite_by_record: INVALID_INPUT
get_team_record: SUCCESS, 1
update_match: SUCCESS
unite_by_record: FAILURE
update_match: SUCCESS
update_match: SUCCESS
get_jockey_record: SUCCESS, -3
unite_by_record: FAILURE
update_match: FAILURE
get_team_record: SUCCESS, -2
add_jockey: SUCCESS
update_match: SUCCESS
unite_by_record: FAILURE
add_jockey: SUCCESS
add_team: SUCCESS
unite_by_record: FAILURE
add_jockey: SUCCESS
get_jockey_record: FAILURE
add_jockey: SUCCESS
merge_teams: SUCCESS
update_match: FAILURE
add_jockey: FAILURE
add_jockey: SUCCESS
unite_by_record: FAILURE
unite_by_record: FAILURE
update_match: SUCCESS
merge_teams: SUCCESS
unite_by_record: FAILURE
get_jockey_record: FAILURE
get_team_record: FAILURE
update_match: SUCCESS
update_match: SUCCESS
merge_teams: SUCCESS
add_jockey: FAILURE
add_team: SUCCESS
add_jockey: SUCCESS
add_jockey: SUCCESS
update_match: SUCCESS
get_team_record: FAILURE
add_jockey: FAILURE
add_team: SUCCESS
unite_by_record: FAILURE
add_jockey: FAILURE
get_jockey_record: SUCCESS, 2
add_team: SUCCESS
get_team_record: SUCCESS, 7
add_jockey: SUCCESS
add_jockey: SUCCESS
add_jockey: SUCCESS
unite_by_record: FAILURE
add_team: SUCCESS
get_team_record: SUCCESS, 0
update_match: SUCCESS
add_team: SUCCESS
merge_teams: SUCCESS
update_match: SUCCESS
add_jockey: SUCCESS
add_team: SUCCESS
update_match: SUCCESS
unite_by_record: INVALID_INPUT
add_jockey: FAILURE
add_jockey: SUCCESS
update_match: SUCCESS
update_match: SUCCESS
update_match: SUCCESS
add_jockey: FAILURE
add_team: SUCCESS
get_jockey_record: SUCCESS, 1
update_match: SUCCESS
add_jockey: SUCCESS
add_team: SUCCESS
unite_by_record: INVALID_INPUT
add_team: FAILURE
unite_by_record: FAILURE
update_match: SUCCESS
add_team: SUCCESS
add_team: SUCCESS
add_jockey: SUCCESS
add_jockey: SUCCESS
unite_by_record: FAILURE
add_team: FAILURE
update_match: SUCCESS
add_jockey: FAILURE
add_jockey: SUCCESS
add_jockey: FAILURE
add_team: SUCCESS
get_team_record: FAILURE
update_match: SUCCESS
unite_by_record: FAILURE
update_match: SUCCESS
unite_by_record: FAILURE
add_team: SUCCESS
update_match: SUCCESS
update_match: SUCCESS
merge_teams: SUCCESS
get_jockey_record: SUCCESS, 5
add_jockey: SUCCESS
add_jockey: FAILURE
add_jockey: SUCCESS
add_jockey: SUCCESS
get_jockey_record: SUCCESS, 0
unite_by_record: INVALID_INPUT
update_match: SUCCESS
update_match: SUCCESS
add_jockey: SUCCESS
update_match: SUCCESS
add_jockey: FAILURE
get_jockey_record: SUCCESS, 0
update_match: SUCCESS
add_jockey: SUCCESS
merge_teams: SUCCESS
unite_by_record: INVALID_INPUT
update_match: SUCCESS
unite_by_record: INVALID_INPUT
get_jockey_record: FAILURE
unite_by_record: FAILURE
add_jockey: SUCCESS
update_match: SUCCESS
add_jockey: SUCCESS
get_team_record: FAILURE
update_match: FAILURE
update_match: SUCCESS
update_match: SUCCESS
add_jockey: FAILURE
add_team: SUCCESS
get_jockey_record: SUCCESS, -1
update_match: SUCCESS
merge_teams: SUCCESS
get_jockey_record: SUCCESS, 0
add_team: FAILURE
unite_by_record: INVALID_INPUT
update_match: SUCCESS
get_jockey_record: SUCCESS, 0
update_match: FAILURE
add_jockey: SUCCESS
add_team: SUCCESS
merge_teams: SUCCESS
get_jockey_record: FAILURE
update_match: SUCCESS
add_jockey: FAILURE
get_team_record: SUCCESS, 0
add_jockey: FAILURE
add_team: SUCCESS
update_match: FAILURE
unite_by_record: FAILURE
add_jockey: SUCCESS
