add_team: SUCCESS
add_team: SUCCESS
add_jockey: SUCCESS
add_jockey: SUCCESS
update_match: SUCCESS
get_team_record: SUCCESS, 1
get_jockey_record: SUCCESS, -1
merge_teams: SUCCESS
add_team: SUCCESS
add_jockey: SUCCESS
update_match: SUCCESS
get_team_record: SUCCESS, -1
get_jockey_record: SUCCESS, 0
unite_by_record: SUCCESS
get_team_record: SUCCESS, 0
